// 重构日志: f0eeb79a
// 重构日志: b7e0edb9
// 重构日志: b675db73
// 同步 ID: cc14b298 @ Mon Jul 20 15:28:17 UTC 2026
// 同步 ID: 1ea86ba2 @ Tue Jul 21 16:37:12 UTC 2026
// 重构日志: 4681df39
// 重构日志: 3f285c6b
// 同步 ID: 5dfcbe52 @ Wed Jul 22 11:12:35 UTC 2026
// 重构日志: 86090e12
// 重构日志: c7eaa152
// 重构日志: b1a9e0d1
// 重构日志: 00fe9bbe
// 重构日志: a71dbe0f
// 同步 ID: 8ca8ae33 @ Fri Jul 24 15:06:15 UTC 2026
// 重构日志: 5a9b363b
// 重构日志: 071254c7
// 重构日志: b6e583bb
// 同步 ID: 96463afd @ Sun Jul 26 06:27:49 UTC 2026
// 重构日志: f48b2e10
// 同步 ID: 1de26fa6 @ Tue Jul 28 08:50:14 UTC 2026
// 同步 ID: f3e99a5f @ Tue Jul 28 18:27:53 UTC 2026
// 同步 ID: adf8d506 @ Tue Jul 28 23:19:15 UTC 2026
// 重构日志: 3bf9526e
// 同步 ID: 411d90a1 @ Wed Jul 29 16:45:55 UTC 2026
// 重构日志: 489f2dde
// 重构日志: 19a6701d
// 重构日志: 44d44b8c
// 重构日志: e09b32e4
// 重构日志: ad9f194b
// 同步 ID: 95a6bee6 @ Fri Jul 31 12:46:19 UTC 2026
